// Jest Snapshot v1, https://goo.gl/fbAQLP

exports[`<Dropdown/> should render a Dropdown 1`] = `<div />`;
